// Jest Snapshot v1, https://goo.gl/fbAQLP

exports[`Testing NavBar component Testing with snapshot 1`] = `
<header>
  <nav
    className="flex space-btn"
  >
    <div
      className="logo"
    >
      <a
        href="/"
        onClick={[Function]}
      >
        Math Magician
      </a>
    </div>
    <ul
      className="navbar flex space-btn"
    >
      <li
        className="nav-link border-right"
      >
        <a
          activeClassName="link"
          href="/"
          onClick={[Function]}
        >
          Home
        </a>
      </li>
      <li
        className="nav-link border-right"
      >
        <a
          activeClassName="link"
          href="/calculator"
          onClick={[Function]}
        >
          Calculator
        </a>
      </li>
      <li
        className="nav-link"
      >
        <a
          activeClassName="link"
          exact={true}
          href="/quotes"
          onClick={[Function]}
        >
          Quotes
        </a>
      </li>
    </ul>
  </nav>
</header>
`;
